2025-07-29 09:40:27,474 [__main__] INFO: Using device: cpu
2025-07-29 09:40:27,474 [__main__] INFO: Running comprehensive TopNet-TopicNet integration experiments...
2025-07-29 09:40:28,130 [experiments.integrated_experiment] INFO: Starting complete experimental pipeline...
2025-07-29 09:40:28,130 [experiments.integrated_experiment] INFO: Loading and preparing news dataset...
2025-07-29 09:40:28,130 [__main__] ERROR: Error in TopNet integration: File data/processed/clustered_articles.json does not exist
2025-07-29 09:42:28,091 [__main__] INFO: Using device: cpu
2025-07-29 09:42:28,092 [__main__] INFO: Running comprehensive TopNet-TopicNet integration experiments...
2025-07-29 09:42:28,449 [experiments.integrated_experiment] INFO: Starting complete experimental pipeline...
2025-07-29 09:42:28,449 [experiments.integrated_experiment] INFO: Loading and preparing news dataset...
2025-07-29 09:42:28,523 [experiments.integrated_experiment] INFO: Data splits - Train: 858, Val: 286, Test: 286
2025-07-29 09:42:28,524 [experiments.integrated_experiment] INFO: Creating semantic graph from news content...
2025-07-29 09:42:32,200 [experiments.integrated_experiment] INFO: Running baseline experiments...
2025-07-29 09:42:38,848 [__main__] ERROR: Error in TopNet integration: `embed_dim` must be divisible by num_heads (got `embed_dim`: 512 and `num_heads`: 12).
2025-07-29 09:43:59,496 [__main__] INFO: Using device: cpu
2025-07-29 09:43:59,497 [__main__] INFO: Running comprehensive TopNet-TopicNet integration experiments...
2025-07-29 09:43:59,912 [experiments.integrated_experiment] INFO: Starting complete experimental pipeline...
2025-07-29 09:43:59,912 [experiments.integrated_experiment] INFO: Loading and preparing news dataset...
2025-07-29 09:43:59,958 [experiments.integrated_experiment] INFO: Data splits - Train: 858, Val: 286, Test: 286
2025-07-29 09:43:59,959 [experiments.integrated_experiment] INFO: Creating semantic graph from news content...
2025-07-29 09:44:04,110 [experiments.integrated_experiment] INFO: Running baseline experiments...
2025-07-29 09:44:13,985 [absl] INFO: Using default tokenizer.
2025-07-29 09:44:13,985 [topnet.trainer] INFO: Starting training for 5 epochs
2025-07-29 09:44:14,056 [__main__] ERROR: Error in TopNet integration: was expecting embedding dimension of 128, but got 20
2025-07-29 09:44:56,249 [__main__] INFO: Using device: cpu
2025-07-29 09:44:56,249 [__main__] INFO: Running comprehensive TopNet-TopicNet integration experiments...
2025-07-29 09:44:56,639 [experiments.integrated_experiment] INFO: Starting complete experimental pipeline...
2025-07-29 09:44:56,639 [experiments.integrated_experiment] INFO: Loading and preparing news dataset...
2025-07-29 09:44:56,677 [experiments.integrated_experiment] INFO: Data splits - Train: 858, Val: 286, Test: 286
2025-07-29 09:44:56,677 [experiments.integrated_experiment] INFO: Creating semantic graph from news content...
2025-07-29 09:45:00,490 [experiments.integrated_experiment] INFO: Running baseline experiments...
2025-07-29 09:45:09,367 [absl] INFO: Using default tokenizer.
2025-07-29 09:45:09,367 [topnet.trainer] INFO: Starting training for 5 epochs
2025-07-29 09:45:09,623 [__main__] ERROR: Error in TopNet integration: Tensors must have same number of dimensions: got 2 and 3
2025-07-29 09:45:37,259 [__main__] INFO: Using device: cpu
2025-07-29 09:45:37,260 [__main__] INFO: Running comprehensive TopNet-TopicNet integration experiments...
2025-07-29 09:45:37,667 [experiments.integrated_experiment] INFO: Starting complete experimental pipeline...
2025-07-29 09:45:37,668 [experiments.integrated_experiment] INFO: Loading and preparing news dataset...
2025-07-29 09:45:37,711 [experiments.integrated_experiment] INFO: Data splits - Train: 858, Val: 286, Test: 286
2025-07-29 09:45:37,712 [experiments.integrated_experiment] INFO: Creating semantic graph from news content...
2025-07-29 09:45:41,405 [experiments.integrated_experiment] INFO: Running baseline experiments...
2025-07-29 09:45:50,298 [absl] INFO: Using default tokenizer.
2025-07-29 09:45:50,299 [topnet.trainer] INFO: Starting training for 5 epochs
2025-07-29 09:57:07,280 [__main__] INFO: Using device: cuda
2025-07-29 09:57:07,281 [__main__] INFO: Running comprehensive TopNet-TopicNet integration experiments...
2025-07-29 09:57:07,650 [experiments.integrated_experiment] INFO: Starting complete experimental pipeline...
2025-07-29 09:57:07,650 [experiments.integrated_experiment] INFO: Loading and preparing news dataset...
2025-07-29 09:57:07,687 [experiments.integrated_experiment] INFO: Data splits - Train: 858, Val: 286, Test: 286
2025-07-29 09:57:07,689 [experiments.integrated_experiment] INFO: Creating semantic graph from news content...
2025-07-29 09:57:11,694 [experiments.integrated_experiment] INFO: Running baseline experiments...
2025-07-29 09:57:22,855 [absl] INFO: Using default tokenizer.
2025-07-29 09:57:22,855 [topnet.trainer] INFO: Starting training for 5 epochs
2025-07-29 09:58:10,957 [__main__] ERROR: Error in TopNet integration: was expecting embedding dimension of 504, but got 128
2025-07-29 09:58:47,617 [__main__] INFO: Using device: cuda
2025-07-29 09:58:47,617 [__main__] INFO: Running comprehensive TopNet-TopicNet integration experiments...
2025-07-29 09:58:47,990 [experiments.integrated_experiment] INFO: Starting complete experimental pipeline...
2025-07-29 09:58:47,991 [experiments.integrated_experiment] INFO: Loading and preparing news dataset...
2025-07-29 09:58:48,031 [experiments.integrated_experiment] INFO: Data splits - Train: 858, Val: 286, Test: 286
2025-07-29 09:58:48,031 [experiments.integrated_experiment] INFO: Creating semantic graph from news content...
2025-07-29 09:58:51,761 [experiments.integrated_experiment] INFO: Running baseline experiments...
2025-07-29 09:59:02,204 [absl] INFO: Using default tokenizer.
2025-07-29 09:59:02,205 [topnet.trainer] INFO: Starting training for 5 epochs
2025-07-29 09:59:48,928 [__main__] ERROR: Error in TopNet integration: mat1 and mat2 shapes cannot be multiplied (80x512 and 504x1008)
2025-07-29 10:00:13,763 [__main__] INFO: Using device: cuda
2025-07-29 10:00:13,763 [__main__] INFO: Running comprehensive TopNet-TopicNet integration experiments...
2025-07-29 10:00:14,176 [experiments.integrated_experiment] INFO: Starting complete experimental pipeline...
2025-07-29 10:00:14,176 [experiments.integrated_experiment] INFO: Loading and preparing news dataset...
2025-07-29 10:00:14,214 [experiments.integrated_experiment] INFO: Data splits - Train: 858, Val: 286, Test: 286
2025-07-29 10:00:14,214 [experiments.integrated_experiment] INFO: Creating semantic graph from news content...
2025-07-29 10:00:17,988 [experiments.integrated_experiment] INFO: Running baseline experiments...
2025-07-29 10:00:28,179 [absl] INFO: Using default tokenizer.
2025-07-29 10:00:28,179 [topnet.trainer] INFO: Starting training for 5 epochs
2025-07-29 10:41:48,576 [topnet.trainer] INFO: Epoch 0: Train Loss = 10.2486
2025-07-29 10:54:51,098 [topnet.trainer] INFO: Epoch 0: Val Loss = 10.0944, Topic Coherence = 2.9953
2025-07-29 10:54:51,430 [topnet.trainer] INFO: Model saved to checkpoints/best_model.pt
2025-07-29 10:54:51,751 [topnet.trainer] INFO: Model saved to checkpoints/checkpoint_epoch_0.pt
2025-07-29 11:37:37,760 [topnet.trainer] INFO: Epoch 1: Train Loss = 9.8414
2025-07-29 12:24:24,251 [topnet.trainer] INFO: Epoch 2: Train Loss = 8.3437
2025-07-29 12:38:53,454 [topnet.trainer] INFO: Epoch 2: Val Loss = 6.9111, Topic Coherence = 2.9956
2025-07-29 12:38:53,816 [topnet.trainer] INFO: Model saved to checkpoints/best_model.pt
2025-07-29 13:23:26,158 [topnet.trainer] INFO: Epoch 3: Train Loss = 5.4245
